This is pdfTeX, Version 3.141592653-2.6-1.40.28 (MiKTeX 25.12) (preloaded format=pdflatex 2026.9.6)  5 OCT 2026 01:57
entering extended mode
 restricted \write18 enabled.
 %&-line parsing enabled.
**./main_semana_03.tex
(main_semana_03.tex
LaTeX2e <2025-11-01>
L3 programming layer <2025-12-24>
(C:\Users\user\AppData\Roaming\MiKTeX\tex/latex/ieeetran\IEEEtran.cls
Document Class: IEEEtran 2015/08/26 V1.8b by Michael Shell
-- See the "IEEEtran_HOWTO" manual for usage information.
-- http://www.michaelshell.org/tex/ieeetran/
\@IEEEtrantmpdimenA=\dimen148
\@IEEEtrantmpdimenB=\dimen149
\@IEEEtrantmpdimenC=\dimen150
\@IEEEtrantmpcountA=\count275
\@IEEEtrantmpcountB=\count276
\@IEEEtrantmpcountC=\count277
\@IEEEtrantmptoksA=\toks17
LaTeX Font Info:    Trying to load font information for OT1+ptm on input line 5
03.
(C:\Users\user\AppData\Roaming\MiKTeX\tex/latex/psnfss\ot1ptm.fd
File: ot1ptm.fd 2001/06/04 font definitions for OT1/ptm.
)
-- Using 8.5in x 11in (letter) paper.
-- Using PDF output.
\@IEEEnormalsizeunitybaselineskip=\dimen151
-- This is a 10 point document.
LaTeX Encoding Info:    Redeclaring text command \textunderscore (encoding ?) o
n input line 937.
\CLASSINFOnormalsizebaselineskip=\dimen152
\CLASSINFOnormalsizeunitybaselineskip=\dimen153
\IEEEnormaljot=\dimen154
LaTeX Font Info:    Font shape `OT1/ptm/bx/n' in size <5> not available
(Font)              Font shape `OT1/ptm/b/n' tried instead on input line 1090.
LaTeX Font Info:    Font shape `OT1/ptm/bx/it' in size <5> not available
(Font)              Font shape `OT1/ptm/b/it' tried instead on input line 1090.

LaTeX Font Info:    Font shape `OT1/ptm/bx/n' in size <7> not available
(Font)              Font shape `OT1/ptm/b/n' tried instead on input line 1090.
LaTeX Font Info:    Font shape `OT1/ptm/bx/it' in size <7> not available
(Font)              Font shape `OT1/ptm/b/it' tried instead on input line 1090.

LaTeX Font Info:    Font shape `OT1/ptm/bx/n' in size <8> not available
(Font)              Font shape `OT1/ptm/b/n' tried instead on input line 1090.
LaTeX Font Info:    Font shape `OT1/ptm/bx/it' in size <8> not available
(Font)              Font shape `OT1/ptm/b/it' tried instead on input line 1090.

LaTeX Font Info:    Font shape `OT1/ptm/bx/n' in size <9> not available
(Font)              Font shape `OT1/ptm/b/n' tried instead on input line 1090.
LaTeX Font Info:    Font shape `OT1/ptm/bx/it' in size <9> not available
(Font)              Font shape `OT1/ptm/b/it' tried instead on input line 1090.

LaTeX Font Info:    Font shape `OT1/ptm/bx/n' in size <10> not available
(Font)              Font shape `OT1/ptm/b/n' tried instead on input line 1090.
LaTeX Font Info:    Font shape `OT1/ptm/bx/it' in size <10> not available
(Font)              Font shape `OT1/ptm/b/it' tried instead on input line 1090.

LaTeX Font Info:    Font shape `OT1/ptm/bx/n' in size <11> not available
(Font)              Font shape `OT1/ptm/b/n' tried instead on input line 1090.
LaTeX Font Info:    Font shape `OT1/ptm/bx/it' in size <11> not available
(Font)              Font shape `OT1/ptm/b/it' tried instead on input line 1090.

LaTeX Font Info:    Font shape `OT1/ptm/bx/n' in size <12> not available
(Font)              Font shape `OT1/ptm/b/n' tried instead on input line 1090.
LaTeX Font Info:    Font shape `OT1/ptm/bx/it' in size <12> not available
(Font)              Font shape `OT1/ptm/b/it' tried instead on input line 1090.

LaTeX Font Info:    Font shape `OT1/ptm/bx/n' in size <17> not available
(Font)              Font shape `OT1/ptm/b/n' tried instead on input line 1090.
LaTeX Font Info:    Font shape `OT1/ptm/bx/it' in size <17> not available
(Font)              Font shape `OT1/ptm/b/it' tried instead on input line 1090.

LaTeX Font Info:    Font shape `OT1/ptm/bx/n' in size <20> not available
(Font)              Font shape `OT1/ptm/b/n' tried instead on input line 1090.
LaTeX Font Info:    Font shape `OT1/ptm/bx/it' in size <20> not available
(Font)              Font shape `OT1/ptm/b/it' tried instead on input line 1090.

LaTeX Font Info:    Font shape `OT1/ptm/bx/n' in size <24> not available
(Font)              Font shape `OT1/ptm/b/n' tried instead on input line 1090.
LaTeX Font Info:    Font shape `OT1/ptm/bx/it' in size <24> not available
(Font)              Font shape `OT1/ptm/b/it' tried instead on input line 1090.

\IEEEquantizedlength=\dimen155
\IEEEquantizedlengthdiff=\dimen156
\IEEEquantizedtextheightdiff=\dimen157
\IEEEilabelindentA=\dimen158
\IEEEilabelindentB=\dimen159
\IEEEilabelindent=\dimen160
\IEEEelabelindent=\dimen161
\IEEEdlabelindent=\dimen162
\IEEElabelindent=\dimen163
\IEEEiednormlabelsep=\dimen164
\IEEEiedmathlabelsep=\dimen165
\IEEEiedtopsep=\skip49
\c@section=\count278
\c@subsection=\count279
\c@subsubsection=\count280
\c@paragraph=\count281
\c@IEEEsubequation=\count282
\abovecaptionskip=\skip50
\belowcaptionskip=\skip51
\c@figure=\count283
\c@table=\count284
\@IEEEeqnnumcols=\count285
\@IEEEeqncolcnt=\count286
\@IEEEsubeqnnumrollback=\count287
\@IEEEquantizeheightA=\dimen166
\@IEEEquantizeheightB=\dimen167
\@IEEEquantizeheightC=\dimen168
\@IEEEquantizeprevdepth=\dimen169
\@IEEEquantizemultiple=\count288
\@IEEEquantizeboxA=\box53
\@IEEEtmpitemindent=\dimen170
\IEEEPARstartletwidth=\dimen171
\c@IEEEbiography=\count289
\@IEEEtranrubishbin=\box54
) (C:\Program Files\MiKTeX\tex/latex/base\inputenc.sty
Package: inputenc 2024/02/08 v1.3d Input encoding file
\inpenc@prehook=\toks18
\inpenc@posthook=\toks19
)
(C:\Program Files\MiKTeX\tex/latex/base\fontenc.sty
Package: fontenc 2025/07/18 v2.1d Standard LaTeX package
LaTeX Font Info:    Trying to load font information for T1+ptm on input line 11
6.

(C:\Users\user\AppData\Roaming\MiKTeX\tex/latex/psnfss\t1ptm.fd
File: t1ptm.fd 2001/06/04 font definitions for T1/ptm.
))
(C:\Program Files\MiKTeX\tex/latex/amsmath\amsmath.sty
Package: amsmath 2025/07/09 v2.17z AMS math features
\@mathmargin=\skip52

For additional information on amsmath, use the `?' option.
(C:\Program Files\MiKTeX\tex/latex/amsmath\amstext.sty
Package: amstext 2024/11/17 v2.01 AMS text

(C:\Program Files\MiKTeX\tex/latex/amsmath\amsgen.sty
File: amsgen.sty 1999/11/30 v2.0 generic functions
\@emptytoks=\toks20
\ex@=\dimen172
))
(C:\Program Files\MiKTeX\tex/latex/amsmath\amsbsy.sty
Package: amsbsy 1999/11/29 v1.2d Bold Symbols
\pmbraise@=\dimen173
)
(C:\Program Files\MiKTeX\tex/latex/amsmath\amsopn.sty
Package: amsopn 2022/04/08 v2.04 operator names
)
\inf@bad=\count290
LaTeX Info: Redefining \frac on input line 233.
\uproot@=\count291
\leftroot@=\count292
LaTeX Info: Redefining \overline on input line 398.
LaTeX Info: Redefining \colon on input line 409.
\classnum@=\count293
\DOTSCASE@=\count294
LaTeX Info: Redefining \ldots on input line 495.
LaTeX Info: Redefining \dots on input line 498.
LaTeX Info: Redefining \cdots on input line 619.
\Mathstrutbox@=\box55
\strutbox@=\box56
LaTeX Info: Redefining \big on input line 721.
LaTeX Info: Redefining \Big on input line 722.
LaTeX Info: Redefining \bigg on input line 723.
LaTeX Info: Redefining \Bigg on input line 724.
\big@size=\dimen174
LaTeX Font Info:    Redeclaring font encoding OML on input line 742.
LaTeX Font Info:    Redeclaring font encoding OMS on input line 743.
\macc@depth=\count295
LaTeX Info: Redefining \bmod on input line 904.
LaTeX Info: Redefining \pmod on input line 909.
LaTeX Info: Redefining \smash on input line 939.
LaTeX Info: Redefining \relbar on input line 969.
LaTeX Info: Redefining \Relbar on input line 970.
\c@MaxMatrixCols=\count296
\dotsspace@=\muskip17
\c@parentequation=\count297
\dspbrk@lvl=\count298
\tag@help=\toks21
\row@=\count299
\column@=\count300
\maxfields@=\count301
\andhelp@=\toks22
\eqnshift@=\dimen175
\alignsep@=\dimen176
\tagshift@=\dimen177
\tagwidth@=\dimen178
\totwidth@=\dimen179
\lineht@=\dimen180
\@envbody=\toks23
\multlinegap=\skip53
\multlinetaggap=\skip54
\mathdisplay@stack=\toks24
LaTeX Info: Redefining \[ on input line 2950.
LaTeX Info: Redefining \] on input line 2951.
)
(C:\Program Files\MiKTeX\tex/latex/amsfonts\amssymb.sty
Package: amssymb 2013/01/14 v3.01 AMS font symbols

(C:\Program Files\MiKTeX\tex/latex/amsfonts\amsfonts.sty
Package: amsfonts 2013/01/14 v3.01 Basic AMSFonts support
\symAMSa=\mathgroup4
\symAMSb=\mathgroup5
LaTeX Font Info:    Redeclaring math symbol \hbar on input line 98.
LaTeX Font Info:    Overwriting math alphabet `\mathfrak' in version `bold'
(Font)                  U/euf/m/n --> U/euf/b/n on input line 106.
))
(C:\Users\user\AppData\Roaming\MiKTeX\tex/latex/mathtools\mathtools.sty
Package: mathtools 2024/10/04 v1.31 mathematical typesetting tools

(C:\Program Files\MiKTeX\tex/latex/graphics\keyval.sty
Package: keyval 2022/05/29 v1.15 key=value parser (DPC)
\KV@toks@=\toks25
)
(C:\Program Files\MiKTeX\tex/latex/tools\calc.sty
Package: calc 2025/03/01 v4.3b Infix arithmetic (KKT,FJ)
\calc@Acount=\count302
\calc@Bcount=\count303
\calc@Adimen=\dimen181
\calc@Bdimen=\dimen182
\calc@Askip=\skip55
\calc@Bskip=\skip56
LaTeX Info: Redefining \setlength on input line 86.
LaTeX Info: Redefining \addtolength on input line 87.
\calc@Ccount=\count304
\calc@Cskip=\skip57
)
(C:\Users\user\AppData\Roaming\MiKTeX\tex/latex/mathtools\mhsetup.sty
Package: mhsetup 2021/03/18 v1.4 programming setup (MH)
)
\g_MT_multlinerow_int=\count305
\l_MT_multwidth_dim=\dimen183
\origjot=\skip58
\l_MT_shortvdotswithinadjustabove_dim=\dimen184
\l_MT_shortvdotswithinadjustbelow_dim=\dimen185
\l_MT_above_intertext_sep=\dimen186
\l_MT_below_intertext_sep=\dimen187
\l_MT_above_shortintertext_sep=\dimen188
\l_MT_below_shortintertext_sep=\dimen189
\xmathstrut@box=\box57
\xmathstrut@dim=\dimen190
)
(C:\Program Files\MiKTeX\tex/latex/graphics\graphicx.sty
Package: graphicx 2024/12/31 v1.2e Enhanced LaTeX Graphics (DPC,SPQR)

(C:\Program Files\MiKTeX\tex/latex/graphics\graphics.sty
Package: graphics 2024/08/06 v1.4g Standard LaTeX Graphics (DPC,SPQR)

(C:\Program Files\MiKTeX\tex/latex/graphics\trig.sty
Package: trig 2023/12/02 v1.11 sin cos tan (DPC)
)
(C:\Program Files\MiKTeX\tex/latex/graphics-cfg\graphics.cfg
File: graphics.cfg 2016/06/04 v1.11 sample graphics configuration
)
Package graphics Info: Driver file: pdftex.def on input line 106.

(C:\Program Files\MiKTeX\tex/latex/graphics-def\pdftex.def
File: pdftex.def 2025/09/29 v1.2d Graphics/color driver for pdftex
))
\Gin@req@height=\dimen191
\Gin@req@width=\dimen192
)
(C:\Program Files\MiKTeX\tex/latex/hyperref\hyperref.sty
Package: hyperref 2025-07-12 v7.01o Hypertext links for LaTeX

(C:\Program Files\MiKTeX\tex/generic/iftex\iftex.sty
Package: iftex 2024/12/12 v1.0g TeX engine tests
)
(C:\Users\user\AppData\Roaming\MiKTeX\tex/latex/kvsetkeys\kvsetkeys.sty
Package: kvsetkeys 2022-10-05 v1.19 Key value parser (HO)
)
(C:\Users\user\AppData\Roaming\MiKTeX\tex/generic/kvdefinekeys\kvdefinekeys.sty
Package: kvdefinekeys 2019-12-19 v1.6 Define keys (HO)
) (C:\Users\user\AppData\Roaming\MiKTeX\tex/generic/pdfescape\pdfescape.sty
Package: pdfescape 2019/12/09 v1.15 Implements pdfTeX's escape features (HO)

(C:\Users\user\AppData\Roaming\MiKTeX\tex/generic/ltxcmds\ltxcmds.sty
Package: ltxcmds 2023-12-04 v1.26 LaTeX kernel commands for general use (HO)
)
(C:\Program Files\MiKTeX\tex/generic/pdftexcmds\pdftexcmds.sty
Package: pdftexcmds 2020-06-27 v0.33 Utility functions of pdfTeX for LuaTeX (HO
)

(C:\Users\user\AppData\Roaming\MiKTeX\tex/generic/infwarerr\infwarerr.sty
Package: infwarerr 2019/12/03 v1.5 Providing info/warning/error messages (HO)
)
Package pdftexcmds Info: \pdf@primitive is available.
Package pdftexcmds Info: \pdf@ifprimitive is available.
Package pdftexcmds Info: \pdfdraftmode found.
))
(C:\Users\user\AppData\Roaming\MiKTeX\tex/latex/hycolor\hycolor.sty
Package: hycolor 2020-01-27 v1.10 Color options for hyperref/bookmark (HO)
)
(C:\Program Files\MiKTeX\tex/latex/hyperref\nameref.sty
Package: nameref 2025-06-21 v2.57 Cross-referencing by name of section

(C:\Users\user\AppData\Roaming\MiKTeX\tex/latex/refcount\refcount.sty
Package: refcount 2019/12/15 v3.6 Data extraction from label references (HO)
)
(C:\Users\user\AppData\Roaming\MiKTeX\tex/generic/gettitlestring\gettitlestring
.sty
Package: gettitlestring 2019/12/15 v1.6 Cleanup title references (HO)
 (C:\Users\user\AppData\Roaming\MiKTeX\tex/latex/kvoptions\kvoptions.sty
Package: kvoptions 2022-06-15 v3.15 Key value format for package options (HO)
))
\c@section@level=\count306
) (C:\Program Files\MiKTeX\tex/latex/etoolbox\etoolbox.sty
Package: etoolbox 2025/10/02 v2.5m e-TeX tools for LaTeX (JAW)
\etb@tempcnta=\count307
)
(C:\Users\user\AppData\Roaming\MiKTeX\tex/generic/stringenc\stringenc.sty
Package: stringenc 2019/11/29 v1.12 Convert strings between diff. encodings (HO
)
)
\@linkdim=\dimen193
\Hy@linkcounter=\count308
\Hy@pagecounter=\count309

(C:\Program Files\MiKTeX\tex/latex/hyperref\pd1enc.def
File: pd1enc.def 2025-07-12 v7.01o Hyperref: PDFDocEncoding definition (HO)
Now handling font encoding PD1 ...
... no UTF-8 mapping file for font encoding PD1
)
(C:\Users\user\AppData\Roaming\MiKTeX\tex/generic/intcalc\intcalc.sty
Package: intcalc 2019/12/15 v1.3 Expandable calculations with integers (HO)
)
\Hy@SavedSpaceFactor=\count310

(C:\Program Files\MiKTeX\tex/latex/hyperref\puenc.def
File: puenc.def 2025-07-12 v7.01o Hyperref: PDF Unicode definition (HO)
Now handling font encoding PU ...
... no UTF-8 mapping file for font encoding PU
)
Package hyperref Info: Hyper figures OFF on input line 4195.
Package hyperref Info: Link nesting OFF on input line 4200.
Package hyperref Info: Hyper index ON on input line 4203.
Package hyperref Info: Plain pages OFF on input line 4210.
Package hyperref Info: Backreferencing OFF on input line 4215.
Package hyperref Info: Implicit mode ON; LaTeX internals redefined.
Package hyperref Info: Bookmarks ON on input line 4462.
\c@Hy@tempcnt=\count311

(C:\Program Files\MiKTeX\tex/latex/url\url.sty
\Urlmuskip=\muskip18
Package: url 2013/09/16  ver 3.4  Verb mode for urls, etc.
)
LaTeX Info: Redefining \url on input line 4801.
\XeTeXLinkMargin=\dimen194

(C:\Users\user\AppData\Roaming\MiKTeX\tex/generic/bitset\bitset.sty
Package: bitset 2019/12/09 v1.3 Handle bit-vector datatype (HO)

(C:\Users\user\AppData\Roaming\MiKTeX\tex/generic/bigintcalc\bigintcalc.sty
Package: bigintcalc 2019/12/15 v1.5 Expandable calculations on big integers (HO
)
))
\Fld@menulength=\count312
\Field@Width=\dimen195
\Fld@charsize=\dimen196
Package hyperref Info: Hyper figures OFF on input line 6078.
Package hyperref Info: Link nesting OFF on input line 6083.
Package hyperref Info: Hyper index ON on input line 6086.
Package hyperref Info: backreferencing OFF on input line 6093.
Package hyperref Info: Link coloring OFF on input line 6098.
Package hyperref Info: Link coloring with OCG OFF on input line 6103.
Package hyperref Info: PDF/A mode OFF on input line 6108.
\Hy@abspage=\count313
\c@Item=\count314
\c@Hfootnote=\count315
)
Package hyperref Info: Driver (autodetected): hpdftex.

(C:\Program Files\MiKTeX\tex/latex/hyperref\hpdftex.def
File: hpdftex.def 2025-07-12 v7.01o Hyperref driver for pdfTeX
\Fld@listcount=\count316
\c@bookmark@seq@number=\count317

(C:\Users\user\AppData\Roaming\MiKTeX\tex/latex/rerunfilecheck\rerunfilecheck.s
ty
Package: rerunfilecheck 2025-06-21 v1.11 Rerun checks for auxiliary files (HO)

(C:\Users\user\AppData\Roaming\MiKTeX\tex/generic/uniquecounter\uniquecounter.s
ty
Package: uniquecounter 2019/12/15 v1.4 Provide unlimited unique counter (HO)
)
Package uniquecounter Info: New unique counter `rerunfilecheck' on input line 2
84.
)
\Hy@SectionHShift=\skip59
) (C:\Users\user\AppData\Roaming\MiKTeX\tex/latex/float\float.sty
Package: float 2001/11/08 v1.3d Float enhancements (AL)
\c@float@type=\count318
\float@exts=\toks26
\float@box=\box58
\@float@everytoks=\toks27
\@floatcapt=\box59
)
(C:\Program Files\MiKTeX\tex/latex/tools\array.sty
Package: array 2025/09/25 v2.6n Tabular extension package (FMi)
\col@sep=\dimen197
\ar@mcellbox=\box60
\extrarowheight=\dimen198
\NC@list=\toks28
\extratabsurround=\skip60
\backup@length=\skip61
\ar@cellbox=\box61
)
(C:\Program Files\MiKTeX\tex/latex/l3backend\l3backend-pdftex.def
File: l3backend-pdftex.def 2025-10-09 L3 backend support: PDF output (pdfTeX)
\l__color_backend_stack_int=\count319
)
(main_semana_03.aux)
\openout1 = `main_semana_03.aux'.

LaTeX Font Info:    Checking defaults for OML/cmm/m/it on input line 22.
LaTeX Font Info:    ... okay on input line 22.
LaTeX Font Info:    Checking defaults for OMS/cmsy/m/n on input line 22.
LaTeX Font Info:    ... okay on input line 22.
LaTeX Font Info:    Checking defaults for OT1/cmr/m/n on input line 22.
LaTeX Font Info:    ... okay on input line 22.
LaTeX Font Info:    Checking defaults for T1/cmr/m/n on input line 22.
LaTeX Font Info:    ... okay on input line 22.
LaTeX Font Info:    Checking defaults for TS1/cmr/m/n on input line 22.
LaTeX Font Info:    ... okay on input line 22.
LaTeX Font Info:    Checking defaults for OMX/cmex/m/n on input line 22.
LaTeX Font Info:    ... okay on input line 22.
LaTeX Font Info:    Checking defaults for U/cmr/m/n on input line 22.
LaTeX Font Info:    ... okay on input line 22.
LaTeX Font Info:    Checking defaults for PD1/pdf/m/n on input line 22.
LaTeX Font Info:    ... okay on input line 22.
LaTeX Font Info:    Checking defaults for PU/pdf/m/n on input line 22.
LaTeX Font Info:    ... okay on input line 22.

-- Lines per column: 56 (exact).
(C:\Program Files\MiKTeX\tex/context/base/mkii\supp-pdf.mkii
[Loading MPS to PDF converter (version 2006.09.02).]
\scratchcounter=\count320
\scratchdimen=\dimen199
\scratchbox=\box62
\nofMPsegments=\count321
\nofMParguments=\count322
\everyMPshowfont=\toks29
\MPscratchCnt=\count323
\MPscratchDim=\dimen256
\MPnumerator=\count324
\makeMPintoPDFobject=\count325
\everyMPtoPDFconversion=\toks30
) (C:\Program Files\MiKTeX\tex/latex/epstopdf-pkg\epstopdf-base.sty
Package: epstopdf-base 2020-01-24 v2.11 Base part for package epstopdf
Package epstopdf-base Info: Redefining graphics rule for `.eps' on input line 4
85.

(C:\Program Files\MiKTeX\tex/latex/00miktex\epstopdf-sys.cfg
File: epstopdf-sys.cfg 2021/03/18 v2.0 Configuration of epstopdf for MiKTeX
))
Package hyperref Info: Link coloring OFF on input line 22.

(main_semana_03.out) (main_semana_03.out)
\@outlinefile=\write3
\openout3 = `main_semana_03.out'.

LaTeX Font Info:    Trying to load font information for U+msa on input line 66.


(C:\Program Files\MiKTeX\tex/latex/amsfonts\umsa.fd
File: umsa.fd 2013/01/14 v3.01 AMS symbols A
)
LaTeX Font Info:    Trying to load font information for U+msb on input line 66.


(C:\Program Files\MiKTeX\tex/latex/amsfonts\umsb.fd
File: umsb.fd 2013/01/14 v3.01 AMS symbols B
)
(semana_03/tex_soluciones/SEM03_P01_solucion.tex
Underfull \vbox (badness 2564) has occurred while \output is active []


Underfull \hbox (badness 10000) in paragraph at lines 27--28
\T1/ptm/m/n/10 Para re-solver esta in-te-gral, apli-camos la susti-tu-ción
 []

[1{C:/Users/user/AppData/Local/MiKTeX/fonts/map/pdftex/pdftex.map}{C:/Program F
iles/MiKTeX/fonts/enc/dvips/base/8r.enc}


]
<semana_03/graficas/SEM03_P01_grafica.png, id=24, 245.4771pt x 173.448pt>
File: semana_03/graficas/SEM03_P01_grafica.png Graphic file (type png)
<use semana_03/graficas/SEM03_P01_grafica.png>
Package pdftex.def Info: semana_03/graficas/SEM03_P01_grafica.png  used on inpu
t line 58.
(pdftex.def)             Requested size: 252.0pt x 178.0606pt.
)
(semana_03/tex_soluciones/SEM03_P02_solucion.tex
<semana_03/graficas/SEM03_P02_grafica.png, id=26, 249.8133pt x 172.7253pt>
File: semana_03/graficas/SEM03_P02_grafica.png Graphic file (type png)
<use semana_03/graficas/SEM03_P02_grafica.png>
Package pdftex.def Info: semana_03/graficas/SEM03_P02_grafica.png  used on inpu
t line 64.
(pdftex.def)             Requested size: 252.0pt x 174.23505pt.
)
(semana_03/tex_soluciones/SEM03_P03_solucion.tex
Underfull \vbox (badness 4739) has occurred while \output is active []

 [2
pdfTeX warning (ext4): destination with the same identifier (name{figure.1}) ha
s been already used, duplicate ignored
<argument> ...shipout:D \box_use:N \l_shipout_box 
                                                  \__shipout_drop_firstpage_...
l.1 \subsection
               *{Problema 03} <./semana_03/graficas/SEM03_P01_grafica.png>]
<semana_03/graficas/SEM03_P03_grafica.png, id=37, 245.4771pt x 172.7253pt>
File: semana_03/graficas/SEM03_P03_grafica.png Graphic file (type png)
<use semana_03/graficas/SEM03_P03_grafica.png>
Package pdftex.def Info: semana_03/graficas/SEM03_P03_grafica.png  used on inpu
t line 48.
(pdftex.def)             Requested size: 252.0pt x 177.31866pt.
)
(semana_03/tex_soluciones/SEM03_P04_solucion.tex [3
pdfTeX warning (ext4): destination with the same identifier (name{figure.2}) ha
s been already used, duplicate ignored
<argument> ...shipout:D \box_use:N \l_shipout_box 
                                                  \__shipout_drop_firstpage_...
l.32 \end{align*}
                 
pdfTeX warning (ext4): destination with the same identifier (name{figure.3}) ha
s been already used, duplicate ignored
<argument> ...shipout:D \box_use:N \l_shipout_box 
                                                  \__shipout_drop_firstpage_...
l.32 \end{align*}
                  <./semana_03/graficas/SEM03_P02_grafica.png> <./semana_03/gra
ficas/SEM03_P03_grafica.png>]
Underfull \hbox (badness 4366) in paragraph at lines 34--35
[]\T1/ptm/m/n/10 Sustituimos $\OML/cmm/m/it/10 I[]$ \T1/ptm/m/n/10 uti-lizando 
la fór-mula de in-te-gración
 []

<semana_03/graficas/SEM03_P04_grafica.png, id=49, 245.4771pt x 173.448pt>
File: semana_03/graficas/SEM03_P04_grafica.png Graphic file (type png)
<use semana_03/graficas/SEM03_P04_grafica.png>
Package pdftex.def Info: semana_03/graficas/SEM03_P04_grafica.png  used on inpu
t line 48.
(pdftex.def)             Requested size: 252.0pt x 178.0606pt.
) (semana_03/tex_soluciones/SEM03_P05_solucion.tex
Underfull \hbox (badness 2443) in paragraph at lines 13--14
[]\T1/ptm/m/n/10 Manipulamos al-ge-braica-mente el nu-mer-ador para que
 []

<semana_03/graficas/SEM03_P05_grafica.png, id=50, 245.4771pt x 172.7253pt>
File: semana_03/graficas/SEM03_P05_grafica.png Graphic file (type png)
<use semana_03/graficas/SEM03_P05_grafica.png>
Package pdftex.def Info: semana_03/graficas/SEM03_P05_grafica.png  used on inpu
t line 51.
(pdftex.def)             Requested size: 252.0pt x 177.31866pt.
) (semana_03/tex_soluciones/SEM03_P06_solucion.tex [4
pdfTeX warning (ext4): destination with the same identifier (name{figure.4}) ha
s been already used, duplicate ignored
<argument> ...shipout:D \box_use:N \l_shipout_box 
                                                  \__shipout_drop_firstpage_...
l.9 
    
pdfTeX warning (ext4): destination with the same identifier (name{figure.5}) ha
s been already used, duplicate ignored
<argument> ...shipout:D \box_use:N \l_shipout_box 
                                                  \__shipout_drop_firstpage_...
l.9 
     <./semana_03/graficas/SEM03_P04_grafica.png> <./semana_03/graficas/SEM03_P
05_grafica.png>]
<semana_03/graficas/SEM03_P06_grafica.png, id=60, 426.1521pt x 281.3712pt>
File: semana_03/graficas/SEM03_P06_grafica.png Graphic file (type png)
<use semana_03/graficas/SEM03_P06_grafica.png>
Package pdftex.def Info: semana_03/graficas/SEM03_P06_grafica.png  used on inpu
t line 48.
(pdftex.def)             Requested size: 252.0pt x 166.38538pt.
) (semana_03/tex_soluciones/SEM03_P07_solucion.tex [5
pdfTeX warning (ext4): destination with the same identifier (name{figure.6}) ha
s been already used, duplicate ignored
<argument> ...shipout:D \box_use:N \l_shipout_box 
                                                  \__shipout_drop_firstpage_...
l.47 \end{align*}
                  <./semana_03/graficas/SEM03_P06_grafica.png>]
<semana_03/graficas/SEM03_P07_grafica.png, id=69, 235.8411pt x 173.448pt>
File: semana_03/graficas/SEM03_P07_grafica.png Graphic file (type png)
<use semana_03/graficas/SEM03_P07_grafica.png>
Package pdftex.def Info: semana_03/graficas/SEM03_P07_grafica.png  used on inpu
t line 56.
(pdftex.def)             Requested size: 252.0pt x 185.34138pt.
)
(semana_03/tex_soluciones/SEM03_P08_solucion.tex
<semana_03/graficas/SEM03_P08_grafica.png, id=70, 245.2362pt x 172.4844pt>
File: semana_03/graficas/SEM03_P08_grafica.png Graphic file (type png)
<use semana_03/graficas/SEM03_P08_grafica.png>
Package pdftex.def Info: semana_03/graficas/SEM03_P08_grafica.png  used on inpu
t line 69.
(pdftex.def)             Requested size: 252.0pt x 177.24245pt.
)
(semana_03/tex_soluciones/SEM03_P09_solucion.tex [6
pdfTeX warning (ext4): destination with the same identifier (name{figure.7}) ha
s been already used, duplicate ignored
<argument> ...shipout:D \box_use:N \l_shipout_box 
                                                  \__shipout_drop_firstpage_...
l.6 \end{equation*}
                   
pdfTeX warning (ext4): destination with the same identifier (name{figure.8}) ha
s been already used, duplicate ignored
<argument> ...shipout:D \box_use:N \l_shipout_box 
                                                  \__shipout_drop_firstpage_...
l.6 \end{equation*}
                    <./semana_03/graficas/SEM03_P07_grafica.png> <./semana_03/g
raficas/SEM03_P08_grafica.png>]
<semana_03/graficas/SEM03_P09_grafica.png, id=80, 245.4771pt x 172.7253pt>
File: semana_03/graficas/SEM03_P09_grafica.png Graphic file (type png)
<use semana_03/graficas/SEM03_P09_grafica.png>
Package pdftex.def Info: semana_03/graficas/SEM03_P09_grafica.png  used on inpu
t line 52.
(pdftex.def)             Requested size: 252.0pt x 177.31866pt.
)
(semana_03/tex_soluciones/SEM03_P10_solucion.tex [7
pdfTeX warning (ext4): destination with the same identifier (name{figure.9}) ha
s been already used, duplicate ignored
<argument> ...shipout:D \box_use:N \l_shipout_box 
                                                  \__shipout_drop_firstpage_...
l.46 \end{align*}
                  <./semana_03/graficas/SEM03_P09_grafica.png>]
<semana_03/graficas/SEM03_P10_grafica.png, id=90, 426.1521pt x 281.3712pt>
File: semana_03/graficas/SEM03_P10_grafica.png Graphic file (type png)
<use semana_03/graficas/SEM03_P10_grafica.png>
Package pdftex.def Info: semana_03/graficas/SEM03_P10_grafica.png  used on inpu
t line 67.
(pdftex.def)             Requested size: 252.0pt x 166.38538pt.
)
(semana_03/tex_soluciones/SEM03_P11_solucion.tex
<semana_03/graficas/SEM03_P11_grafica.png, id=91, 245.4771pt x 172.4844pt>
File: semana_03/graficas/SEM03_P11_grafica.png Graphic file (type png)
<use semana_03/graficas/SEM03_P11_grafica.png>
Package pdftex.def Info: semana_03/graficas/SEM03_P11_grafica.png  used on inpu
t line 75.
(pdftex.def)             Requested size: 252.0pt x 177.07137pt.
)
(semana_03/tex_soluciones/SEM03_P12_solucion.tex [8
pdfTeX warning (ext4): destination with the same identifier (name{figure.10}) h
as been already used, duplicate ignored
<argument> ...shipout:D \box_use:N \l_shipout_box 
                                                  \__shipout_drop_firstpage_...
l.1 \subsection
               *{Problema 12} <./semana_03/graficas/SEM03_P10_grafica.png>]
<semana_03/graficas/SEM03_P12_grafica.png, id=100, 425.9112pt x 281.3712pt>
File: semana_03/graficas/SEM03_P12_grafica.png Graphic file (type png)
<use semana_03/graficas/SEM03_P12_grafica.png>
Package pdftex.def Info: semana_03/graficas/SEM03_P12_grafica.png  used on inpu
t line 52.
(pdftex.def)             Requested size: 252.0pt x 166.47984pt.
)
(semana_03/tex_soluciones/SEM03_P13_solucion.tex [9
pdfTeX warning (ext4): destination with the same identifier (name{figure.11}) h
as been already used, duplicate ignored
<argument> ...shipout:D \box_use:N \l_shipout_box 
                                                  \__shipout_drop_firstpage_...
l.26 \end{align*}
                 
pdfTeX warning (ext4): destination with the same identifier (name{figure.12}) h
as been already used, duplicate ignored
<argument> ...shipout:D \box_use:N \l_shipout_box 
                                                  \__shipout_drop_firstpage_...
l.26 \end{align*}
                  <./semana_03/graficas/SEM03_P11_grafica.png> <./semana_03/gra
ficas/SEM03_P12_grafica.png>]
<semana_03/graficas/SEM03_P13_grafica.png, id=111, 426.1521pt x 281.3712pt>
File: semana_03/graficas/SEM03_P13_grafica.png Graphic file (type png)
<use semana_03/graficas/SEM03_P13_grafica.png>
Package pdftex.def Info: semana_03/graficas/SEM03_P13_grafica.png  used on inpu
t line 77.
(pdftex.def)             Requested size: 252.0pt x 166.38538pt.
) (semana_03/tex_soluciones/SEM03_P14_solucion.tex [10
pdfTeX warning (ext4): destination with the same identifier (name{figure.13}) h
as been already used, duplicate ignored
<argument> ...shipout:D \box_use:N \l_shipout_box 
                                                  \__shipout_drop_firstpage_...
l.38 \end{align*}
                  <./semana_03/graficas/SEM03_P13_grafica.png>]
<semana_03/graficas/SEM03_P14_grafica.png, id=119, 425.9112pt x 281.3712pt>
File: semana_03/graficas/SEM03_P14_grafica.png Graphic file (type png)
<use semana_03/graficas/SEM03_P14_grafica.png>
Package pdftex.def Info: semana_03/graficas/SEM03_P14_grafica.png  used on inpu
t line 48.
(pdftex.def)             Requested size: 252.0pt x 166.47984pt.
)
(semana_03/tex_soluciones/SEM03_P15_solucion.tex
<semana_03/graficas/SEM03_P15_grafica.png, id=120, 245.2362pt x 194.1654pt>
File: semana_03/graficas/SEM03_P15_grafica.png Graphic file (type png)
<use semana_03/graficas/SEM03_P15_grafica.png>
Package pdftex.def Info: semana_03/graficas/SEM03_P15_grafica.png  used on inpu
t line 56.
(pdftex.def)             Requested size: 252.0pt x 199.52151pt.
)
(semana_03/tex_soluciones/SEM03_P16_solucion.tex [11
pdfTeX warning (ext4): destination with the same identifier (name{figure.14}) h
as been already used, duplicate ignored
<argument> ...shipout:D \box_use:N \l_shipout_box 
                                                  \__shipout_drop_firstpage_...
l.16 \begin{align*}
                   
pdfTeX warning (ext4): destination with the same identifier (name{figure.15}) h
as been already used, duplicate ignored
<argument> ...shipout:D \box_use:N \l_shipout_box 
                                                  \__shipout_drop_firstpage_...
l.16 \begin{align*}
                    <./semana_03/graficas/SEM03_P14_grafica.png> <./semana_03/g
raficas/SEM03_P15_grafica.png>]
<semana_03/graficas/SEM03_P16_grafica.png, id=131, 245.9589pt x 172.7253pt>
File: semana_03/graficas/SEM03_P16_grafica.png Graphic file (type png)
<use semana_03/graficas/SEM03_P16_grafica.png>
Package pdftex.def Info: semana_03/graficas/SEM03_P16_grafica.png  used on inpu
t line 82.
(pdftex.def)             Requested size: 252.0pt x 176.97076pt.
)
(semana_03/tex_soluciones/SEM03_P17_solucion.tex [12
pdfTeX warning (ext4): destination with the same identifier (name{figure.16}) h
as been already used, duplicate ignored
<argument> ...shipout:D \box_use:N \l_shipout_box 
                                                  \__shipout_drop_firstpage_...
l.32 \end{align*}
                  <./semana_03/graficas/SEM03_P16_grafica.png>]
<semana_03/graficas/SEM03_P17_grafica.png, id=139, 476.982pt x 361.35pt>
File: semana_03/graficas/SEM03_P17_grafica.png Graphic file (type png)
<use semana_03/graficas/SEM03_P17_grafica.png>
Package pdftex.def Info: semana_03/graficas/SEM03_P17_grafica.png  used on inpu
t line 64.
(pdftex.def)             Requested size: 252.0pt x 190.91359pt.
)
(semana_03/tex_soluciones/SEM03_P18_solucion.tex
Underfull \vbox (badness 7576) has occurred while \output is active []

 [13
pdfTeX warning (ext4): destination with the same identifier (name{figure.17}) h
as been already used, duplicate ignored
<argument> ...shipout:D \box_use:N \l_shipout_box 
                                                  \__shipout_drop_firstpage_...
l.52 \end{align*}
                  <./semana_03/graficas/SEM03_P17_grafica.png>]
<semana_03/graficas/SEM03_P18_grafica.png, id=148, 425.9112pt x 281.3712pt>
File: semana_03/graficas/SEM03_P18_grafica.png Graphic file (type png)
<use semana_03/graficas/SEM03_P18_grafica.png>
Package pdftex.def Info: semana_03/graficas/SEM03_P18_grafica.png  used on inpu
t line 84.
(pdftex.def)             Requested size: 252.0pt x 166.47984pt.
)
(semana_03/tex_soluciones/SEM03_P19_solucion.tex [14
pdfTeX warning (ext4): destination with the same identifier (name{figure.18}) h
as been already used, duplicate ignored
<argument> ...shipout:D \box_use:N \l_shipout_box 
                                                  \__shipout_drop_firstpage_...
l.73 \end{multline*}
                     <./semana_03/graficas/SEM03_P18_grafica.png>]
<semana_03/graficas/SEM03_P19_grafica.png, id=156, 498.4221pt x 223.7961pt>
File: semana_03/graficas/SEM03_P19_grafica.png Graphic file (type png)
<use semana_03/graficas/SEM03_P19_grafica.png>
Package pdftex.def Info: semana_03/graficas/SEM03_P19_grafica.png  used on inpu
t line 77.
(pdftex.def)             Requested size: 252.0pt x 113.151pt.
)
(semana_03/tex_soluciones/SEM03_P20_solucion.tex
Underfull \hbox (badness 1406) in paragraph at lines 9--13
\T1/ptm/m/n/10 Apli-camos frac-ciones par-ciales con un fac-tor cuadrático
 []


Underfull \hbox (badness 10000) in paragraph at lines 45--48
[]\T1/ptm/m/n/10 Y para $[] [] \OML/cmm/m/it/10 dx$\T1/ptm/m/n/10 , apli-camos 
la susti-tu-ción
 []

<semana_03/graficas/SEM03_P20_grafica.png, id=157, 245.4771pt x 173.448pt>
File: semana_03/graficas/SEM03_P20_grafica.png Graphic file (type png)
<use semana_03/graficas/SEM03_P20_grafica.png>
Package pdftex.def Info: semana_03/graficas/SEM03_P20_grafica.png  used on inpu
t line 71.
(pdftex.def)             Requested size: 252.0pt x 178.0606pt.
) (semana_03/tex_soluciones/SEM03_P21_solucion.tex
Underfull \hbox (badness 2409) in paragraph at lines 7--10
[]\T1/ptm/b/n/10 Solución: \T1/ptm/m/n/10 Anal-izamos el de-nom-i-nador de la f
un-ción
 []

[15
pdfTeX warning (ext4): destination with the same identifier (name{figure.19}) h
as been already used, duplicate ignored
<argument> ...shipout:D \box_use:N \l_shipout_box 
                                                  \__shipout_drop_firstpage_...
l.10 \begin{align*}
                   
pdfTeX warning (ext4): destination with the same identifier (name{figure.20}) h
as been already used, duplicate ignored
<argument> ...shipout:D \box_use:N \l_shipout_box 
                                                  \__shipout_drop_firstpage_...
l.10 \begin{align*}
                    <./semana_03/graficas/SEM03_P19_grafica.png> <./semana_03/g
raficas/SEM03_P20_grafica.png>]
<semana_03/graficas/SEM03_P21_grafica.png, id=167, 281.3712pt x 209.1012pt>
File: semana_03/graficas/SEM03_P21_grafica.png Graphic file (type png)
<use semana_03/graficas/SEM03_P21_grafica.png>
Package pdftex.def Info: semana_03/graficas/SEM03_P21_grafica.png  used on inpu
t line 78.
(pdftex.def)             Requested size: 252.0pt x 187.28pt.
)
(semana_03/tex_soluciones/SEM03_P22_solucion.tex [16
pdfTeX warning (ext4): destination with the same identifier (name{figure.21}) h
as been already used, duplicate ignored
<argument> ...shipout:D \box_use:N \l_shipout_box 
                                                  \__shipout_drop_firstpage_...
l.41 \end{align*}
                  <./semana_03/graficas/SEM03_P21_grafica.png>]
<semana_03/graficas/SEM03_P22_grafica.png, id=176, 426.1521pt x 281.3712pt>
File: semana_03/graficas/SEM03_P22_grafica.png Graphic file (type png)
<use semana_03/graficas/SEM03_P22_grafica.png>
Package pdftex.def Info: semana_03/graficas/SEM03_P22_grafica.png  used on inpu
t line 95.
(pdftex.def)             Requested size: 252.0pt x 166.38538pt.
)
(semana_03/tex_soluciones/SEM03_P23_solucion.tex
Underfull \hbox (badness 2626) in paragraph at lines 20--21
[]\T1/ptm/m/n/10 Reescribimos la in-te-gral con las frac-ciones par-ciales
 []

[17
pdfTeX warning (ext4): destination with the same identifier (name{figure.22}) h
as been already used, duplicate ignored
<argument> ...shipout:D \box_use:N \l_shipout_box 
                                                  \__shipout_drop_firstpage_...
l.41 \end{align*}
                  <./semana_03/graficas/SEM03_P22_grafica.png>]
<semana_03/graficas/SEM03_P23_grafica.png, id=184, 245.4771pt x 173.448pt>
File: semana_03/graficas/SEM03_P23_grafica.png Graphic file (type png)
<use semana_03/graficas/SEM03_P23_grafica.png>
Package pdftex.def Info: semana_03/graficas/SEM03_P23_grafica.png  used on inpu
t line 52.
(pdftex.def)             Requested size: 252.0pt x 178.0606pt.
)
(semana_03/tex_soluciones/SEM03_P24_solucion.tex
<semana_03/graficas/SEM03_P24_grafica.png, id=185, 426.1521pt x 281.3712pt>
File: semana_03/graficas/SEM03_P24_grafica.png Graphic file (type png)
<use semana_03/graficas/SEM03_P24_grafica.png>
Package pdftex.def Info: semana_03/graficas/SEM03_P24_grafica.png  used on inpu
t line 85.
(pdftex.def)             Requested size: 252.0pt x 166.38538pt.
)
(semana_03/tex_soluciones/SEM03_P25_solucion.tex [18
pdfTeX warning (ext4): destination with the same identifier (name{figure.23}) h
as been already used, duplicate ignored
<argument> ...shipout:D \box_use:N \l_shipout_box 
                                                  \__shipout_drop_firstpage_...
l.1 \subsection
               *{Problema 25} <./semana_03/graficas/SEM03_P23_grafica.png>]
Underfull \hbox (badness 2856) in paragraph at lines 10--11
[]\T1/ptm/m/n/10 Primero, fac-tor-izamos el de-nom-i-nador de la fun-ción
 []

<semana_03/graficas/SEM03_P25_grafica.png, id=193, 271.9761pt x 208.6194pt>
File: semana_03/graficas/SEM03_P25_grafica.png Graphic file (type png)
<use semana_03/graficas/SEM03_P25_grafica.png>
Package pdftex.def Info: semana_03/graficas/SEM03_P25_grafica.png  used on inpu
t line 72.
(pdftex.def)             Requested size: 252.0pt x 193.30096pt.
) (semana_03/tex_soluciones/SEM03_P26_solucion.tex [19
pdfTeX warning (ext4): destination with the same identifier (name{figure.24}) h
as been already used, duplicate ignored
<argument> ...shipout:D \box_use:N \l_shipout_box 
                                                  \__shipout_drop_firstpage_...
l.20 \end{align*}
                 
pdfTeX warning (ext4): destination with the same identifier (name{figure.25}) h
as been already used, duplicate ignored
<argument> ...shipout:D \box_use:N \l_shipout_box 
                                                  \__shipout_drop_firstpage_...
l.20 \end{align*}
                  <./semana_03/graficas/SEM03_P24_grafica.png> <./semana_03/gra
ficas/SEM03_P25_grafica.png>]
<semana_03/graficas/SEM03_P26_grafica.png, id=205, 245.4771pt x 173.448pt>
File: semana_03/graficas/SEM03_P26_grafica.png Graphic file (type png)
<use semana_03/graficas/SEM03_P26_grafica.png>
Package pdftex.def Info: semana_03/graficas/SEM03_P26_grafica.png  used on inpu
t line 57.
(pdftex.def)             Requested size: 252.0pt x 178.0606pt.
) (semana_03/tex_soluciones/SEM03_P27_solucion.tex [20
pdfTeX warning (ext4): destination with the same identifier (name{figure.26}) h
as been already used, duplicate ignored
<argument> ...shipout:D \box_use:N \l_shipout_box 
                                                  \__shipout_drop_firstpage_...
l.72 \end{align*}
                  <./semana_03/graficas/SEM03_P26_grafica.png>]
<semana_03/graficas/SEM03_P27_grafica.png, id=213, 426.1521pt x 281.3712pt>
File: semana_03/graficas/SEM03_P27_grafica.png Graphic file (type png)
<use semana_03/graficas/SEM03_P27_grafica.png>
Package pdftex.def Info: semana_03/graficas/SEM03_P27_grafica.png  used on inpu
t line 81.
(pdftex.def)             Requested size: 252.0pt x 166.38538pt.
)
(semana_03/tex_soluciones/SEM03_P28_solucion.tex
<semana_03/graficas/SEM03_P28_grafica.png, id=214, 426.1521pt x 281.3712pt>
File: semana_03/graficas/SEM03_P28_grafica.png Graphic file (type png)
<use semana_03/graficas/SEM03_P28_grafica.png>
Package pdftex.def Info: semana_03/graficas/SEM03_P28_grafica.png  used on inpu
t line 77.
(pdftex.def)             Requested size: 252.0pt x 166.38538pt.
)
(semana_03/tex_soluciones/SEM03_P29_solucion.tex [21
pdfTeX warning (ext4): destination with the same identifier (name{figure.27}) h
as been already used, duplicate ignored
<argument> ...shipout:D \box_use:N \l_shipout_box 
                                                  \__shipout_drop_firstpage_...
l.13 \end{align*}
                 
pdfTeX warning (ext4): destination with the same identifier (name{figure.28}) h
as been already used, duplicate ignored
<argument> ...shipout:D \box_use:N \l_shipout_box 
                                                  \__shipout_drop_firstpage_...
l.13 \end{align*}
                  <./semana_03/graficas/SEM03_P27_grafica.png> <./semana_03/gra
ficas/SEM03_P28_grafica.png>]
<semana_03/graficas/SEM03_P29_grafica.png, id=225, 425.9112pt x 281.6121pt>
File: semana_03/graficas/SEM03_P29_grafica.png Graphic file (type png)
<use semana_03/graficas/SEM03_P29_grafica.png>
Package pdftex.def Info: semana_03/graficas/SEM03_P29_grafica.png  used on inpu
t line 44.
(pdftex.def)             Requested size: 252.0pt x 166.62238pt.
) (semana_03/tex_soluciones/SEM03_P30_solucion.tex [22
pdfTeX warning (ext4): destination with the same identifier (name{figure.29}) h
as been already used, duplicate ignored
<argument> ...shipout:D \box_use:N \l_shipout_box 
                                                  \__shipout_drop_firstpage_...
l.64 \end{align*}
                  <./semana_03/graficas/SEM03_P29_grafica.png>]
<semana_03/graficas/SEM03_P30_grafica.png, id=233, 425.9112pt x 281.3712pt>
File: semana_03/graficas/SEM03_P30_grafica.png Graphic file (type png)
<use semana_03/graficas/SEM03_P30_grafica.png>
Package pdftex.def Info: semana_03/graficas/SEM03_P30_grafica.png  used on inpu
t line 90.
(pdftex.def)             Requested size: 252.0pt x 166.47984pt.
)
(semana_03/tex_soluciones/SEM03_P31_solucion.tex
Underfull \hbox (badness 2253) in paragraph at lines 64--65
[]\T1/ptm/m/n/10 Para el se-gundo tér-mino, deriva-mos el de-nom-i-nador:
 []

[23
pdfTeX warning (ext4): destination with the same identifier (name{figure.30}) h
as been already used, duplicate ignored
<argument> ...shipout:D \box_use:N \l_shipout_box 
                                                  \__shipout_drop_firstpage_...
l.68 \end{align*}
                  <./semana_03/graficas/SEM03_P30_grafica.png>]
<semana_03/graficas/SEM03_P31_grafica.png, id=241, 426.393pt x 281.3712pt>
File: semana_03/graficas/SEM03_P31_grafica.png Graphic file (type png)
<use semana_03/graficas/SEM03_P31_grafica.png>
Package pdftex.def Info: semana_03/graficas/SEM03_P31_grafica.png  used on inpu
t line 84.
(pdftex.def)             Requested size: 252.0pt x 166.29092pt.
)
(semana_03/tex_soluciones/SEM03_P32_solucion.tex
<semana_03/graficas/SEM03_P32_grafica.png, id=242, 425.9112pt x 281.6121pt>
File: semana_03/graficas/SEM03_P32_grafica.png Graphic file (type png)
<use semana_03/graficas/SEM03_P32_grafica.png>
Package pdftex.def Info: semana_03/graficas/SEM03_P32_grafica.png  used on inpu
t line 72.
(pdftex.def)             Requested size: 252.0pt x 166.62238pt.
)
(semana_03/tex_soluciones/SEM03_P33_solucion.tex
Underfull \vbox (badness 1137) has occurred while \output is active []

 [24
pdfTeX warning (ext4): destination with the same identifier (name{figure.31}) h
as been already used, duplicate ignored
<argument> ...shipout:D \box_use:N \l_shipout_box 
                                                  \__shipout_drop_firstpage_...
l.1 \subsection
               *{Problema 33} <./semana_03/graficas/SEM03_P31_grafica.png>]
<semana_03/graficas/SEM03_P33_grafica.png, id=250, 425.9112pt x 281.3712pt>
File: semana_03/graficas/SEM03_P33_grafica.png Graphic file (type png)
<use semana_03/graficas/SEM03_P33_grafica.png>
Package pdftex.def Info: semana_03/graficas/SEM03_P33_grafica.png  used on inpu
t line 54.
(pdftex.def)             Requested size: 252.0pt x 166.47984pt.
)
(semana_03/tex_soluciones/SEM03_P34_solucion.tex [25
pdfTeX warning (ext4): destination with the same identifier (name{figure.32}) h
as been already used, duplicate ignored
<argument> ...shipout:D \box_use:N \l_shipout_box 
                                                  \__shipout_drop_firstpage_...
l.27 \end{align*}
                 
pdfTeX warning (ext4): destination with the same identifier (name{figure.33}) h
as been already used, duplicate ignored
<argument> ...shipout:D \box_use:N \l_shipout_box 
                                                  \__shipout_drop_firstpage_...
l.27 \end{align*}
                  <./semana_03/graficas/SEM03_P32_grafica.png> <./semana_03/gra
ficas/SEM03_P33_grafica.png>]
<semana_03/graficas/SEM03_P34_grafica.png, id=262, 245.718pt x 173.2071pt>
File: semana_03/graficas/SEM03_P34_grafica.png Graphic file (type png)
<use semana_03/graficas/SEM03_P34_grafica.png>
Package pdftex.def Info: semana_03/graficas/SEM03_P34_grafica.png  used on inpu
t line 88.
(pdftex.def)             Requested size: 252.0pt x 177.64415pt.
) (semana_03/tex_soluciones/SEM03_P35_solucion.tex
Underfull \vbox (badness 1521) has occurred while \output is active []

 [26
pdfTeX warning (ext4): destination with the same identifier (name{figure.34}) h
as been already used, duplicate ignored
<argument> ...shipout:D \box_use:N \l_shipout_box 
                                                  \__shipout_drop_firstpage_...
l.38 \end{align*}
                  <./semana_03/graficas/SEM03_P34_grafica.png>]
<semana_03/graficas/SEM03_P35_grafica.png, id=270, 425.9112pt x 281.3712pt>
File: semana_03/graficas/SEM03_P35_grafica.png Graphic file (type png)
<use semana_03/graficas/SEM03_P35_grafica.png>
Package pdftex.def Info: semana_03/graficas/SEM03_P35_grafica.png  used on inpu
t line 65.
(pdftex.def)             Requested size: 252.0pt x 166.47984pt.
)
(semana_03/tex_soluciones/SEM03_P36_solucion.tex
Underfull \hbox (badness 10000) in paragraph at lines 61--64
[]\T1/ptm/m/n/10 Para la ter-cera in-te-gral, apli-camos la susti-tu-ción
 []


Overfull \hbox (8.01282pt too wide) detected at line 68
[]
 []

[27
pdfTeX warning (ext4): destination with the same identifier (name{figure.35}) h
as been already used, duplicate ignored
<argument> ...shipout:D \box_use:N \l_shipout_box 
                                                  \__shipout_drop_firstpage_...
l.78 \end{align*}
                  <./semana_03/graficas/SEM03_P35_grafica.png>]
<semana_03/graficas/SEM03_P36_grafica.png, id=278, 245.4771pt x 172.4844pt>
File: semana_03/graficas/SEM03_P36_grafica.png Graphic file (type png)
<use semana_03/graficas/SEM03_P36_grafica.png>
Package pdftex.def Info: semana_03/graficas/SEM03_P36_grafica.png  used on inpu
t line 82.
(pdftex.def)             Requested size: 252.0pt x 177.07137pt.
)
(semana_03/tex_soluciones/SEM03_P37_solucion.tex
<semana_03/graficas/SEM03_P37_grafica.png, id=279, 426.1521pt x 281.3712pt>
File: semana_03/graficas/SEM03_P37_grafica.png Graphic file (type png)
<use semana_03/graficas/SEM03_P37_grafica.png>
Package pdftex.def Info: semana_03/graficas/SEM03_P37_grafica.png  used on inpu
t line 49.
(pdftex.def)             Requested size: 252.0pt x 166.38538pt.
)
(semana_03/tex_soluciones/SEM03_P38_solucion.tex [28
pdfTeX warning (ext4): destination with the same identifier (name{figure.36}) h
as been already used, duplicate ignored
<argument> ...shipout:D \box_use:N \l_shipout_box 
                                                  \__shipout_drop_firstpage_...
l.26 \end{align*}
                 
pdfTeX warning (ext4): destination with the same identifier (name{figure.37}) h
as been already used, duplicate ignored
<argument> ...shipout:D \box_use:N \l_shipout_box 
                                                  \__shipout_drop_firstpage_...
l.26 \end{align*}
                  <./semana_03/graficas/SEM03_P36_grafica.png> <./semana_03/gra
ficas/SEM03_P37_grafica.png>]
<semana_03/graficas/SEM03_P38_grafica.png, id=290, 426.1521pt x 245.9589pt>
File: semana_03/graficas/SEM03_P38_grafica.png Graphic file (type png)
<use semana_03/graficas/SEM03_P38_grafica.png>
Package pdftex.def Info: semana_03/graficas/SEM03_P38_grafica.png  used on inpu
t line 66.
(pdftex.def)             Requested size: 252.0pt x 145.44475pt.
)

** Conference Paper **
Before submitting the final camera ready copy, remember to:

 1. Manually equalize the lengths of two columns on the last page
 of your paper;

 2. Ensure that any PostScript and/or PDF output post-processing
 uses only Type 1 fonts and that every step in the generation
 process uses the appropriate paper size.

[29
pdfTeX warning (ext4): destination with the same identifier (name{figure.38}) h
as been already used, duplicate ignored
<argument> ...shipout:D \box_use:N \l_shipout_box 
                                                  \__shipout_drop_firstpage_...
l.157 \end{document}
                    

 <./semana_03/graficas/SEM03_P38_grafica.png>]
(main_semana_03.aux)
 ***********
LaTeX2e <2025-11-01>
L3 programming layer <2025-12-24>
 ***********
Package rerunfilecheck Info: File `main_semana_03.out' has not changed.
(rerunfilecheck)             Checksum: E601C14F274E628C9101D915FFBD7219;192.
 ) 
Here is how much of TeX's memory you used:
 12185 strings out of 467871
 205456 string characters out of 5428447
 625568 words of memory out of 5000000
 40694 multiletter control sequences out of 15000+600000
 742334 words of font info for 161 fonts, out of 8000000 for 9000
 1141 hyphenation exceptions out of 8191
 75i,13n,79p,522b,456s stack positions out of 10000i,1000n,20000p,200000b,200000s
<C:/Program Files/MiKTeX/fonts/type1/public/amsfonts/cm/cmex10.pfb><C:/Progra
m Files/MiKTeX/fonts/type1/public/amsfonts/cm/cmmi10.pfb><C:/Program Files/MiKT
eX/fonts/type1/public/amsfonts/cm/cmmi7.pfb><C:/Program Files/MiKTeX/fonts/type
1/public/amsfonts/cm/cmmi8.pfb><C:/Program Files/MiKTeX/fonts/type1/public/amsf
onts/cm/cmmi9.pfb><C:/Program Files/MiKTeX/fonts/type1/public/amsfonts/cm/cmr10
.pfb><C:/Program Files/MiKTeX/fonts/type1/public/amsfonts/cm/cmr5.pfb><C:/Progr
am Files/MiKTeX/fonts/type1/public/amsfonts/cm/cmr7.pfb><C:/Program Files/MiKTe
X/fonts/type1/public/amsfonts/cm/cmr8.pfb><C:/Program Files/MiKTeX/fonts/type1/
public/amsfonts/cm/cmr9.pfb><C:/Program Files/MiKTeX/fonts/type1/public/amsfont
s/cm/cmsy10.pfb><C:/Program Files/MiKTeX/fonts/type1/public/amsfonts/cm/cmsy7.p
fb><C:/Program Files/MiKTeX/fonts/type1/urw/times/utmb8a.pfb><C:/Program Files/
MiKTeX/fonts/type1/urw/times/utmbi8a.pfb><C:/Program Files/MiKTeX/fonts/type1/u
rw/times/utmr8a.pfb><C:/Program Files/MiKTeX/fonts/type1/urw/times/utmri8a.pfb>

Output written on main_semana_03.pdf (29 pages, 2583538 bytes).
PDF statistics:
 388 PDF objects out of 1000 (max. 8388607)
 107 named destinations out of 1000 (max. 500000)
 199 words of extra memory for PDF output out of 10000 (max. 10000000)

